// Jest Snapshot v1, https://goo.gl/fbAQLP

exports[`should render NotFoundPage 1`] = `
<div>
  NOT FOUND! 404 404 404 - 
  <Link
    to="/"
  >
    Go to Home
  </Link>
</div>
`;
